---
source: crates/fortitude_linter/src/rules/error/mod.rs
expression: diagnostics
snapshot_kind: text
---
./resources/test/fixtures/error/E011.f90:3:18: E011 Invalid character 'ç'
  |
1 | program invalid_tab
2 |   implicit none
3 |   logical :: français = .true.
  |                  ^ E011
4 |   print*, "Don't flag this: é"
5 |   ! Or this:|é|
  |
